broadcast:
	setUnits(region, units[4]) - устанавливает набор юнитов на определенной територии.
	setTrack(track, data[7]) - устанавливает положение игроков на треках.
	playerSetAction(region, action) - устанавливает действие для региона.
	playerReady(player, ready) - сообщает всем игрокам о готовности игрока player 
	playerTurn(player) - сообщает всем игрокам, что сейчас ход игрока player
	playerAct(from, to) - сообщает всем игрокам, что текущий игрок играет приказ с терриротии from на территорию to
	playerSelectRegion(region) - сообщеат всем игрокам, что текущий игрок выбрал регион region
	playerMove(from, to, units[4]) - сообщает всем игрокам, что текущий игрок перемещает с терриротии from на территорию to юнитов units
	openCard(number, card) - сообщает игрокам, что открыта карта card из колоды number.
	playerSelectItem(select) - сообщает игрокам, что была выбрана позиция select.
	playerBets(bets[7]) - сообщает игрокам, какие ставки были сделаны.
	changePhase(phase) - Передает информацию о смене фазы игры.
	
server:
	setAction(region, action) - устанавливает действие для региона.
	ready(ready) - устанавливает готовность клиента к завершению фазы.
	act(from, to) - сообщает серверу, что игрок играет приказ с территории from на территорию to
	selectRegion(region) - сообщает серверу, что игрок выбрал регион region
	move(from, to, units[4]) - сообщает серверу, что игрок перемещает с территории from на территорию to юнитов units
	collectUnits(region, units[4]) - сообщает серверу, что игрок набирает войска в регионе и передает новый набор юнитов.
	collectInfluence(region) - сообщает серверу, что игрок собирает очки влияния с региона.
	selectItem(select)
	bet(value) - сообщает серверу, что игрок ставит value очков влияния.
	getGlobalState() - запрашивает у сервера информацию о текущем состоянии. Используется для восстановления при сбоях.	
	
client:
	forceReadyAt(seconds) - сообщает клиенту что через seconds секунд, готовность игрока будет проставлена автоматически. 
	addInfluence(value) - добавляет игроку очки влияния в количестве value. Value может быть отрицательным. 
	setGlobalState(stateData) - передает всю информацию о текущем состоянии игры. Используется для восстановления разорванных игровых сессий и синхронизации после сбоя.